// Jest Snapshot v1, https://goo.gl/fbAQLP

exports[`basic 1`] = `
Object {
  "errors": Array [],
  "fsOperations": Array [
    Object {
      "content": "// ts-gql-integrity:0cce47ed1c1989a4cf171de542312e50
/*
ts-gql-meta-begin
{
  \\"hash\\": \\"6e965cbf500a3377a14ef53b73fb4cc2\\"
}
ts-gql-meta-end
*/

import * as SchemaTypes from \\"./@schema\\";
import { TypedDocumentNode } from \\"@ts-gql/tag\\";

type ThingQueryVariables = SchemaTypes.Exact<{ [key: string]: never; }>;


type ThingQuery = { readonly __typename: 'Query', readonly hello: string };


      
export type type = TypedDocumentNode<{
  type: \\"query\\";
  result: ThingQuery;
  variables: ThingQueryVariables;
  documents: SchemaTypes.TSGQLDocuments;
  fragments: SchemaTypes.TSGQLRequiredFragments<\\"none\\">
}>

declare module \\"./@schema\\" {
  interface TSGQLDocuments {
    Thing: type;
  }
}

export const document = JSON.parse(\\"{\\\\\\"kind\\\\\\":\\\\\\"Document\\\\\\",\\\\\\"definitions\\\\\\":[{\\\\\\"kind\\\\\\":\\\\\\"OperationDefinition\\\\\\",\\\\\\"operation\\\\\\":\\\\\\"query\\\\\\",\\\\\\"name\\\\\\":{\\\\\\"kind\\\\\\":\\\\\\"Name\\\\\\",\\\\\\"value\\\\\\":\\\\\\"Thing\\\\\\"},\\\\\\"variableDefinitions\\\\\\":[],\\\\\\"directives\\\\\\":[],\\\\\\"selectionSet\\\\\\":{\\\\\\"kind\\\\\\":\\\\\\"SelectionSet\\\\\\",\\\\\\"selections\\\\\\":[{\\\\\\"kind\\\\\\":\\\\\\"Field\\\\\\",\\\\\\"name\\\\\\":{\\\\\\"kind\\\\\\":\\\\\\"Name\\\\\\",\\\\\\"value\\\\\\":\\\\\\"hello\\\\\\"},\\\\\\"arguments\\\\\\":[],\\\\\\"directives\\\\\\":[]}]}}]}\\")
",
      "filename": "__generated__/ts-gql/Thing.ts",
      "type": "output",
    },
  ],
}
`;

exports[`list with fragment works as expected 1`] = `
Object {
  "errors": Array [],
  "fsOperations": Array [
    Object {
      "content": "// ts-gql-integrity:0ca0a5420b0e03840a122f238719d1e9
/*
ts-gql-meta-begin
{
  \\"hash\\": \\"33177e74a8314038858d33fb60689b8e\\"
}
ts-gql-meta-end
*/

import * as SchemaTypes from \\"./@schema\\";
import { TypedDocumentNode } from \\"@ts-gql/tag\\";

type Frag_aFragment = { readonly __typename: 'Query', readonly arr: ReadonlyArray<{ readonly __typename: 'OutputThing', readonly id: string }> };


      
export type type = TypedDocumentNode<{
  type: \\"fragment\\";
  result: Frag_aFragment;
  name: \\"Frag_a\\";
  documents: SchemaTypes.TSGQLDocuments;
  fragments: SchemaTypes.TSGQLRequiredFragments<\\"none\\">
}>

declare module \\"./@schema\\" {
  interface TSGQLDocuments {
    Frag_a: type;
  }
}

export const document = JSON.parse(\\"{\\\\\\"kind\\\\\\":\\\\\\"Document\\\\\\",\\\\\\"definitions\\\\\\":[{\\\\\\"kind\\\\\\":\\\\\\"FragmentDefinition\\\\\\",\\\\\\"name\\\\\\":{\\\\\\"kind\\\\\\":\\\\\\"Name\\\\\\",\\\\\\"value\\\\\\":\\\\\\"Frag_a\\\\\\"},\\\\\\"typeCondition\\\\\\":{\\\\\\"kind\\\\\\":\\\\\\"NamedType\\\\\\",\\\\\\"name\\\\\\":{\\\\\\"kind\\\\\\":\\\\\\"Name\\\\\\",\\\\\\"value\\\\\\":\\\\\\"Query\\\\\\"}},\\\\\\"directives\\\\\\":[],\\\\\\"selectionSet\\\\\\":{\\\\\\"kind\\\\\\":\\\\\\"SelectionSet\\\\\\",\\\\\\"selections\\\\\\":[{\\\\\\"kind\\\\\\":\\\\\\"Field\\\\\\",\\\\\\"name\\\\\\":{\\\\\\"kind\\\\\\":\\\\\\"Name\\\\\\",\\\\\\"value\\\\\\":\\\\\\"arr\\\\\\"},\\\\\\"arguments\\\\\\":[],\\\\\\"directives\\\\\\":[],\\\\\\"selectionSet\\\\\\":{\\\\\\"kind\\\\\\":\\\\\\"SelectionSet\\\\\\",\\\\\\"selections\\\\\\":[{\\\\\\"kind\\\\\\":\\\\\\"Field\\\\\\",\\\\\\"name\\\\\\":{\\\\\\"kind\\\\\\":\\\\\\"Name\\\\\\",\\\\\\"value\\\\\\":\\\\\\"id\\\\\\"},\\\\\\"arguments\\\\\\":[],\\\\\\"directives\\\\\\":[]}]}}]}}]}\\")
",
      "filename": "__generated__/ts-gql/Frag_a.ts",
      "type": "output",
    },
    Object {
      "content": "// ts-gql-integrity:bc3859aac9363dabb73394589b0f88f7
/*
ts-gql-meta-begin
{
  \\"hash\\": \\"29e4ce057db243ae7312ad55f27bf26e\\"
}
ts-gql-meta-end
*/

import * as SchemaTypes from \\"./@schema\\";
import { TypedDocumentNode } from \\"@ts-gql/tag\\";

type Frag_bFragment = { readonly __typename: 'Query', readonly arr: ReadonlyArray<{ readonly __typename: 'OutputThing', readonly other: string }> };


      
export type type = TypedDocumentNode<{
  type: \\"fragment\\";
  result: Frag_bFragment;
  name: \\"Frag_b\\";
  documents: SchemaTypes.TSGQLDocuments;
  fragments: SchemaTypes.TSGQLRequiredFragments<\\"none\\">
}>

declare module \\"./@schema\\" {
  interface TSGQLDocuments {
    Frag_b: type;
  }
}

export const document = JSON.parse(\\"{\\\\\\"kind\\\\\\":\\\\\\"Document\\\\\\",\\\\\\"definitions\\\\\\":[{\\\\\\"kind\\\\\\":\\\\\\"FragmentDefinition\\\\\\",\\\\\\"name\\\\\\":{\\\\\\"kind\\\\\\":\\\\\\"Name\\\\\\",\\\\\\"value\\\\\\":\\\\\\"Frag_b\\\\\\"},\\\\\\"typeCondition\\\\\\":{\\\\\\"kind\\\\\\":\\\\\\"NamedType\\\\\\",\\\\\\"name\\\\\\":{\\\\\\"kind\\\\\\":\\\\\\"Name\\\\\\",\\\\\\"value\\\\\\":\\\\\\"Query\\\\\\"}},\\\\\\"directives\\\\\\":[],\\\\\\"selectionSet\\\\\\":{\\\\\\"kind\\\\\\":\\\\\\"SelectionSet\\\\\\",\\\\\\"selections\\\\\\":[{\\\\\\"kind\\\\\\":\\\\\\"Field\\\\\\",\\\\\\"name\\\\\\":{\\\\\\"kind\\\\\\":\\\\\\"Name\\\\\\",\\\\\\"value\\\\\\":\\\\\\"arr\\\\\\"},\\\\\\"arguments\\\\\\":[],\\\\\\"directives\\\\\\":[],\\\\\\"selectionSet\\\\\\":{\\\\\\"kind\\\\\\":\\\\\\"SelectionSet\\\\\\",\\\\\\"selections\\\\\\":[{\\\\\\"kind\\\\\\":\\\\\\"Field\\\\\\",\\\\\\"name\\\\\\":{\\\\\\"kind\\\\\\":\\\\\\"Name\\\\\\",\\\\\\"value\\\\\\":\\\\\\"other\\\\\\"},\\\\\\"arguments\\\\\\":[],\\\\\\"directives\\\\\\":[]}]}}]}}]}\\")
",
      "filename": "__generated__/ts-gql/Frag_b.ts",
      "type": "output",
    },
    Object {
      "content": "// ts-gql-integrity:13db6c512f9b82db7d982cca50fa8408
/*
ts-gql-meta-begin
{
  \\"hash\\": \\"78cea25c96a1b42a0c914fc6b4fda3e8\\"
}
ts-gql-meta-end
*/

import * as SchemaTypes from \\"./@schema\\";
import { TypedDocumentNode } from \\"@ts-gql/tag\\";

type ThingQueryVariables = SchemaTypes.Exact<{ [key: string]: never; }>;


type ThingQuery = { readonly __typename: 'Query', readonly arr: ReadonlyArray<{ readonly __typename: 'OutputThing', readonly id: string, readonly other: string }> };


      
export type type = TypedDocumentNode<{
  type: \\"query\\";
  result: ThingQuery;
  variables: ThingQueryVariables;
  documents: SchemaTypes.TSGQLDocuments;
  fragments: SchemaTypes.TSGQLRequiredFragments<{\\"Frag_a\\":true,\\"Frag_b\\":true}>
}>

declare module \\"./@schema\\" {
  interface TSGQLDocuments {
    Thing: type;
  }
}

export const document = JSON.parse(\\"{\\\\\\"kind\\\\\\":\\\\\\"Document\\\\\\",\\\\\\"definitions\\\\\\":[{\\\\\\"kind\\\\\\":\\\\\\"OperationDefinition\\\\\\",\\\\\\"operation\\\\\\":\\\\\\"query\\\\\\",\\\\\\"name\\\\\\":{\\\\\\"kind\\\\\\":\\\\\\"Name\\\\\\",\\\\\\"value\\\\\\":\\\\\\"Thing\\\\\\"},\\\\\\"variableDefinitions\\\\\\":[],\\\\\\"directives\\\\\\":[],\\\\\\"selectionSet\\\\\\":{\\\\\\"kind\\\\\\":\\\\\\"SelectionSet\\\\\\",\\\\\\"selections\\\\\\":[{\\\\\\"kind\\\\\\":\\\\\\"FragmentSpread\\\\\\",\\\\\\"name\\\\\\":{\\\\\\"kind\\\\\\":\\\\\\"Name\\\\\\",\\\\\\"value\\\\\\":\\\\\\"Frag_a\\\\\\"},\\\\\\"directives\\\\\\":[]},{\\\\\\"kind\\\\\\":\\\\\\"FragmentSpread\\\\\\",\\\\\\"name\\\\\\":{\\\\\\"kind\\\\\\":\\\\\\"Name\\\\\\",\\\\\\"value\\\\\\":\\\\\\"Frag_b\\\\\\"},\\\\\\"directives\\\\\\":[]}]}},{\\\\\\"kind\\\\\\":\\\\\\"FragmentDefinition\\\\\\",\\\\\\"name\\\\\\":{\\\\\\"kind\\\\\\":\\\\\\"Name\\\\\\",\\\\\\"value\\\\\\":\\\\\\"Frag_a\\\\\\"},\\\\\\"typeCondition\\\\\\":{\\\\\\"kind\\\\\\":\\\\\\"NamedType\\\\\\",\\\\\\"name\\\\\\":{\\\\\\"kind\\\\\\":\\\\\\"Name\\\\\\",\\\\\\"value\\\\\\":\\\\\\"Query\\\\\\"}},\\\\\\"directives\\\\\\":[],\\\\\\"selectionSet\\\\\\":{\\\\\\"kind\\\\\\":\\\\\\"SelectionSet\\\\\\",\\\\\\"selections\\\\\\":[{\\\\\\"kind\\\\\\":\\\\\\"Field\\\\\\",\\\\\\"name\\\\\\":{\\\\\\"kind\\\\\\":\\\\\\"Name\\\\\\",\\\\\\"value\\\\\\":\\\\\\"arr\\\\\\"},\\\\\\"arguments\\\\\\":[],\\\\\\"directives\\\\\\":[],\\\\\\"selectionSet\\\\\\":{\\\\\\"kind\\\\\\":\\\\\\"SelectionSet\\\\\\",\\\\\\"selections\\\\\\":[{\\\\\\"kind\\\\\\":\\\\\\"Field\\\\\\",\\\\\\"name\\\\\\":{\\\\\\"kind\\\\\\":\\\\\\"Name\\\\\\",\\\\\\"value\\\\\\":\\\\\\"id\\\\\\"},\\\\\\"arguments\\\\\\":[],\\\\\\"directives\\\\\\":[]}]}}]}},{\\\\\\"kind\\\\\\":\\\\\\"FragmentDefinition\\\\\\",\\\\\\"name\\\\\\":{\\\\\\"kind\\\\\\":\\\\\\"Name\\\\\\",\\\\\\"value\\\\\\":\\\\\\"Frag_b\\\\\\"},\\\\\\"typeCondition\\\\\\":{\\\\\\"kind\\\\\\":\\\\\\"NamedType\\\\\\",\\\\\\"name\\\\\\":{\\\\\\"kind\\\\\\":\\\\\\"Name\\\\\\",\\\\\\"value\\\\\\":\\\\\\"Query\\\\\\"}},\\\\\\"directives\\\\\\":[],\\\\\\"selectionSet\\\\\\":{\\\\\\"kind\\\\\\":\\\\\\"SelectionSet\\\\\\",\\\\\\"selections\\\\\\":[{\\\\\\"kind\\\\\\":\\\\\\"Field\\\\\\",\\\\\\"name\\\\\\":{\\\\\\"kind\\\\\\":\\\\\\"Name\\\\\\",\\\\\\"value\\\\\\":\\\\\\"arr\\\\\\"},\\\\\\"arguments\\\\\\":[],\\\\\\"directives\\\\\\":[],\\\\\\"selectionSet\\\\\\":{\\\\\\"kind\\\\\\":\\\\\\"SelectionSet\\\\\\",\\\\\\"selections\\\\\\":[{\\\\\\"kind\\\\\\":\\\\\\"Field\\\\\\",\\\\\\"name\\\\\\":{\\\\\\"kind\\\\\\":\\\\\\"Name\\\\\\",\\\\\\"value\\\\\\":\\\\\\"other\\\\\\"},\\\\\\"arguments\\\\\\":[],\\\\\\"directives\\\\\\":[]}]}}]}}]}\\")
",
      "filename": "__generated__/ts-gql/Thing.ts",
      "type": "output",
    },
  ],
}
`;

exports[`optional and required variables 1`] = `
Object {
  "errors": Array [],
  "fsOperations": Array [
    Object {
      "content": "// ts-gql-integrity:72db61d0869be42121ffac92ad9aee85
/*
ts-gql-meta-begin
{
  \\"hash\\": \\"728ac15462d4a290602d4ef9fcde14a9\\"
}
ts-gql-meta-end
*/

import * as SchemaTypes from \\"./@schema\\";
import { TypedDocumentNode } from \\"@ts-gql/tag\\";

type ThingQueryVariables = SchemaTypes.Exact<{
  optional?: SchemaTypes.InputMaybe<SchemaTypes.Scalars['String']>;
  required: SchemaTypes.Scalars['String'];
}>;


type ThingQuery = { readonly __typename: 'Query', readonly optional: string, readonly other: string };


      
export type type = TypedDocumentNode<{
  type: \\"query\\";
  result: ThingQuery;
  variables: ThingQueryVariables;
  documents: SchemaTypes.TSGQLDocuments;
  fragments: SchemaTypes.TSGQLRequiredFragments<\\"none\\">
}>

declare module \\"./@schema\\" {
  interface TSGQLDocuments {
    Thing: type;
  }
}

export const document = JSON.parse(\\"{\\\\\\"kind\\\\\\":\\\\\\"Document\\\\\\",\\\\\\"definitions\\\\\\":[{\\\\\\"kind\\\\\\":\\\\\\"OperationDefinition\\\\\\",\\\\\\"operation\\\\\\":\\\\\\"query\\\\\\",\\\\\\"name\\\\\\":{\\\\\\"kind\\\\\\":\\\\\\"Name\\\\\\",\\\\\\"value\\\\\\":\\\\\\"Thing\\\\\\"},\\\\\\"variableDefinitions\\\\\\":[{\\\\\\"kind\\\\\\":\\\\\\"VariableDefinition\\\\\\",\\\\\\"variable\\\\\\":{\\\\\\"kind\\\\\\":\\\\\\"Variable\\\\\\",\\\\\\"name\\\\\\":{\\\\\\"kind\\\\\\":\\\\\\"Name\\\\\\",\\\\\\"value\\\\\\":\\\\\\"optional\\\\\\"}},\\\\\\"type\\\\\\":{\\\\\\"kind\\\\\\":\\\\\\"NamedType\\\\\\",\\\\\\"name\\\\\\":{\\\\\\"kind\\\\\\":\\\\\\"Name\\\\\\",\\\\\\"value\\\\\\":\\\\\\"String\\\\\\"}},\\\\\\"directives\\\\\\":[]},{\\\\\\"kind\\\\\\":\\\\\\"VariableDefinition\\\\\\",\\\\\\"variable\\\\\\":{\\\\\\"kind\\\\\\":\\\\\\"Variable\\\\\\",\\\\\\"name\\\\\\":{\\\\\\"kind\\\\\\":\\\\\\"Name\\\\\\",\\\\\\"value\\\\\\":\\\\\\"required\\\\\\"}},\\\\\\"type\\\\\\":{\\\\\\"kind\\\\\\":\\\\\\"NonNullType\\\\\\",\\\\\\"type\\\\\\":{\\\\\\"kind\\\\\\":\\\\\\"NamedType\\\\\\",\\\\\\"name\\\\\\":{\\\\\\"kind\\\\\\":\\\\\\"Name\\\\\\",\\\\\\"value\\\\\\":\\\\\\"String\\\\\\"}}},\\\\\\"directives\\\\\\":[]}],\\\\\\"directives\\\\\\":[],\\\\\\"selectionSet\\\\\\":{\\\\\\"kind\\\\\\":\\\\\\"SelectionSet\\\\\\",\\\\\\"selections\\\\\\":[{\\\\\\"kind\\\\\\":\\\\\\"Field\\\\\\",\\\\\\"name\\\\\\":{\\\\\\"kind\\\\\\":\\\\\\"Name\\\\\\",\\\\\\"value\\\\\\":\\\\\\"optional\\\\\\"},\\\\\\"arguments\\\\\\":[{\\\\\\"kind\\\\\\":\\\\\\"Argument\\\\\\",\\\\\\"name\\\\\\":{\\\\\\"kind\\\\\\":\\\\\\"Name\\\\\\",\\\\\\"value\\\\\\":\\\\\\"thing\\\\\\"},\\\\\\"value\\\\\\":{\\\\\\"kind\\\\\\":\\\\\\"Variable\\\\\\",\\\\\\"name\\\\\\":{\\\\\\"kind\\\\\\":\\\\\\"Name\\\\\\",\\\\\\"value\\\\\\":\\\\\\"optional\\\\\\"}}}],\\\\\\"directives\\\\\\":[]},{\\\\\\"kind\\\\\\":\\\\\\"Field\\\\\\",\\\\\\"alias\\\\\\":{\\\\\\"kind\\\\\\":\\\\\\"Name\\\\\\",\\\\\\"value\\\\\\":\\\\\\"other\\\\\\"},\\\\\\"name\\\\\\":{\\\\\\"kind\\\\\\":\\\\\\"Name\\\\\\",\\\\\\"value\\\\\\":\\\\\\"optional\\\\\\"},\\\\\\"arguments\\\\\\":[{\\\\\\"kind\\\\\\":\\\\\\"Argument\\\\\\",\\\\\\"name\\\\\\":{\\\\\\"kind\\\\\\":\\\\\\"Name\\\\\\",\\\\\\"value\\\\\\":\\\\\\"thing\\\\\\"},\\\\\\"value\\\\\\":{\\\\\\"kind\\\\\\":\\\\\\"Variable\\\\\\",\\\\\\"name\\\\\\":{\\\\\\"kind\\\\\\":\\\\\\"Name\\\\\\",\\\\\\"value\\\\\\":\\\\\\"required\\\\\\"}}}],\\\\\\"directives\\\\\\":[]}]}}]}\\")
",
      "filename": "__generated__/ts-gql/Thing.ts",
      "type": "output",
    },
  ],
}
`;

exports[`optional variable 1`] = `
Object {
  "errors": Array [],
  "fsOperations": Array [
    Object {
      "content": "// ts-gql-integrity:b626a903d16cfb2763e76dc18f51f794
/*
ts-gql-meta-begin
{
  \\"hash\\": \\"ba253a8e550811efacb0f71293d24912\\"
}
ts-gql-meta-end
*/

import * as SchemaTypes from \\"./@schema\\";
import { TypedDocumentNode } from \\"@ts-gql/tag\\";

type ThingQueryVariables = SchemaTypes.Exact<{
  optional?: SchemaTypes.InputMaybe<SchemaTypes.Scalars['String']>;
}>;


type ThingQuery = { readonly __typename: 'Query', readonly optional: string };


      
export type type = TypedDocumentNode<{
  type: \\"query\\";
  result: ThingQuery;
  variables: ThingQueryVariables;
  documents: SchemaTypes.TSGQLDocuments;
  fragments: SchemaTypes.TSGQLRequiredFragments<\\"none\\">
}>

declare module \\"./@schema\\" {
  interface TSGQLDocuments {
    Thing: type;
  }
}

export const document = JSON.parse(\\"{\\\\\\"kind\\\\\\":\\\\\\"Document\\\\\\",\\\\\\"definitions\\\\\\":[{\\\\\\"kind\\\\\\":\\\\\\"OperationDefinition\\\\\\",\\\\\\"operation\\\\\\":\\\\\\"query\\\\\\",\\\\\\"name\\\\\\":{\\\\\\"kind\\\\\\":\\\\\\"Name\\\\\\",\\\\\\"value\\\\\\":\\\\\\"Thing\\\\\\"},\\\\\\"variableDefinitions\\\\\\":[{\\\\\\"kind\\\\\\":\\\\\\"VariableDefinition\\\\\\",\\\\\\"variable\\\\\\":{\\\\\\"kind\\\\\\":\\\\\\"Variable\\\\\\",\\\\\\"name\\\\\\":{\\\\\\"kind\\\\\\":\\\\\\"Name\\\\\\",\\\\\\"value\\\\\\":\\\\\\"optional\\\\\\"}},\\\\\\"type\\\\\\":{\\\\\\"kind\\\\\\":\\\\\\"NamedType\\\\\\",\\\\\\"name\\\\\\":{\\\\\\"kind\\\\\\":\\\\\\"Name\\\\\\",\\\\\\"value\\\\\\":\\\\\\"String\\\\\\"}},\\\\\\"directives\\\\\\":[]}],\\\\\\"directives\\\\\\":[],\\\\\\"selectionSet\\\\\\":{\\\\\\"kind\\\\\\":\\\\\\"SelectionSet\\\\\\",\\\\\\"selections\\\\\\":[{\\\\\\"kind\\\\\\":\\\\\\"Field\\\\\\",\\\\\\"name\\\\\\":{\\\\\\"kind\\\\\\":\\\\\\"Name\\\\\\",\\\\\\"value\\\\\\":\\\\\\"optional\\\\\\"},\\\\\\"arguments\\\\\\":[{\\\\\\"kind\\\\\\":\\\\\\"Argument\\\\\\",\\\\\\"name\\\\\\":{\\\\\\"kind\\\\\\":\\\\\\"Name\\\\\\",\\\\\\"value\\\\\\":\\\\\\"thing\\\\\\"},\\\\\\"value\\\\\\":{\\\\\\"kind\\\\\\":\\\\\\"Variable\\\\\\",\\\\\\"name\\\\\\":{\\\\\\"kind\\\\\\":\\\\\\"Name\\\\\\",\\\\\\"value\\\\\\":\\\\\\"optional\\\\\\"}}}],\\\\\\"directives\\\\\\":[]}]}}]}\\")
",
      "filename": "__generated__/ts-gql/Thing.ts",
      "type": "output",
    },
  ],
}
`;

exports[`required variable 1`] = `
Object {
  "errors": Array [],
  "fsOperations": Array [
    Object {
      "content": "// ts-gql-integrity:aa3e07030f3cc2ab39e77bc106ffafe1
/*
ts-gql-meta-begin
{
  \\"hash\\": \\"5be0563e5d1dec63272f03f9895efaf4\\"
}
ts-gql-meta-end
*/

import * as SchemaTypes from \\"./@schema\\";
import { TypedDocumentNode } from \\"@ts-gql/tag\\";

type ThingQueryVariables = SchemaTypes.Exact<{
  required: SchemaTypes.Scalars['String'];
}>;


type ThingQuery = { readonly __typename: 'Query', readonly optional: string };


      
export type type = TypedDocumentNode<{
  type: \\"query\\";
  result: ThingQuery;
  variables: ThingQueryVariables;
  documents: SchemaTypes.TSGQLDocuments;
  fragments: SchemaTypes.TSGQLRequiredFragments<\\"none\\">
}>

declare module \\"./@schema\\" {
  interface TSGQLDocuments {
    Thing: type;
  }
}

export const document = JSON.parse(\\"{\\\\\\"kind\\\\\\":\\\\\\"Document\\\\\\",\\\\\\"definitions\\\\\\":[{\\\\\\"kind\\\\\\":\\\\\\"OperationDefinition\\\\\\",\\\\\\"operation\\\\\\":\\\\\\"query\\\\\\",\\\\\\"name\\\\\\":{\\\\\\"kind\\\\\\":\\\\\\"Name\\\\\\",\\\\\\"value\\\\\\":\\\\\\"Thing\\\\\\"},\\\\\\"variableDefinitions\\\\\\":[{\\\\\\"kind\\\\\\":\\\\\\"VariableDefinition\\\\\\",\\\\\\"variable\\\\\\":{\\\\\\"kind\\\\\\":\\\\\\"Variable\\\\\\",\\\\\\"name\\\\\\":{\\\\\\"kind\\\\\\":\\\\\\"Name\\\\\\",\\\\\\"value\\\\\\":\\\\\\"required\\\\\\"}},\\\\\\"type\\\\\\":{\\\\\\"kind\\\\\\":\\\\\\"NonNullType\\\\\\",\\\\\\"type\\\\\\":{\\\\\\"kind\\\\\\":\\\\\\"NamedType\\\\\\",\\\\\\"name\\\\\\":{\\\\\\"kind\\\\\\":\\\\\\"Name\\\\\\",\\\\\\"value\\\\\\":\\\\\\"String\\\\\\"}}},\\\\\\"directives\\\\\\":[]}],\\\\\\"directives\\\\\\":[],\\\\\\"selectionSet\\\\\\":{\\\\\\"kind\\\\\\":\\\\\\"SelectionSet\\\\\\",\\\\\\"selections\\\\\\":[{\\\\\\"kind\\\\\\":\\\\\\"Field\\\\\\",\\\\\\"name\\\\\\":{\\\\\\"kind\\\\\\":\\\\\\"Name\\\\\\",\\\\\\"value\\\\\\":\\\\\\"optional\\\\\\"},\\\\\\"arguments\\\\\\":[{\\\\\\"kind\\\\\\":\\\\\\"Argument\\\\\\",\\\\\\"name\\\\\\":{\\\\\\"kind\\\\\\":\\\\\\"Name\\\\\\",\\\\\\"value\\\\\\":\\\\\\"thing\\\\\\"},\\\\\\"value\\\\\\":{\\\\\\"kind\\\\\\":\\\\\\"Variable\\\\\\",\\\\\\"name\\\\\\":{\\\\\\"kind\\\\\\":\\\\\\"Name\\\\\\",\\\\\\"value\\\\\\":\\\\\\"required\\\\\\"}}}],\\\\\\"directives\\\\\\":[]}]}}]}\\")
",
      "filename": "__generated__/ts-gql/Thing.ts",
      "type": "output",
    },
  ],
}
`;

exports[`something 1`] = `
Object {
  "errors": Array [],
  "fsOperations": Array [
    Object {
      "content": "// ts-gql-integrity:4669ce7362300ea27f6446ac60afc303
/*
ts-gql-meta-begin
{
  \\"hash\\": \\"90907b9f2b9c67a140d95c2b5b0af5f1\\"
}
ts-gql-meta-end
*/

import * as SchemaTypes from \\"./@schema\\";
import { TypedDocumentNode } from \\"@ts-gql/tag\\";

type Frag_aFragment = { readonly __typename: 'OutputThing', readonly other: string };


      
export type type = TypedDocumentNode<{
  type: \\"fragment\\";
  result: Frag_aFragment;
  name: \\"Frag_a\\";
  documents: SchemaTypes.TSGQLDocuments;
  fragments: SchemaTypes.TSGQLRequiredFragments<\\"none\\">
}>

declare module \\"./@schema\\" {
  interface TSGQLDocuments {
    Frag_a: type;
  }
}

export const document = JSON.parse(\\"{\\\\\\"kind\\\\\\":\\\\\\"Document\\\\\\",\\\\\\"definitions\\\\\\":[{\\\\\\"kind\\\\\\":\\\\\\"FragmentDefinition\\\\\\",\\\\\\"name\\\\\\":{\\\\\\"kind\\\\\\":\\\\\\"Name\\\\\\",\\\\\\"value\\\\\\":\\\\\\"Frag_a\\\\\\"},\\\\\\"typeCondition\\\\\\":{\\\\\\"kind\\\\\\":\\\\\\"NamedType\\\\\\",\\\\\\"name\\\\\\":{\\\\\\"kind\\\\\\":\\\\\\"Name\\\\\\",\\\\\\"value\\\\\\":\\\\\\"OutputThing\\\\\\"}},\\\\\\"directives\\\\\\":[],\\\\\\"selectionSet\\\\\\":{\\\\\\"kind\\\\\\":\\\\\\"SelectionSet\\\\\\",\\\\\\"selections\\\\\\":[{\\\\\\"kind\\\\\\":\\\\\\"Field\\\\\\",\\\\\\"name\\\\\\":{\\\\\\"kind\\\\\\":\\\\\\"Name\\\\\\",\\\\\\"value\\\\\\":\\\\\\"other\\\\\\"},\\\\\\"arguments\\\\\\":[],\\\\\\"directives\\\\\\":[]}]}}]}\\")
",
      "filename": "__generated__/ts-gql/Frag_a.ts",
      "type": "output",
    },
    Object {
      "content": "// ts-gql-integrity:34437b3ad16c80285d89e1e7a6d53bab
/*
ts-gql-meta-begin
{
  \\"hash\\": \\"c5bdb50d4279d6191523b4657b2d2fe1\\"
}
ts-gql-meta-end
*/

import * as SchemaTypes from \\"./@schema\\";
import { TypedDocumentNode } from \\"@ts-gql/tag\\";

type Frag_bFragment = { readonly __typename: 'OutputThing', readonly arr: ReadonlyArray<{ readonly __typename: 'OutputThing', readonly id: string }> };


      
export type type = TypedDocumentNode<{
  type: \\"fragment\\";
  result: Frag_bFragment;
  name: \\"Frag_b\\";
  documents: SchemaTypes.TSGQLDocuments;
  fragments: SchemaTypes.TSGQLRequiredFragments<\\"none\\">
}>

declare module \\"./@schema\\" {
  interface TSGQLDocuments {
    Frag_b: type;
  }
}

export const document = JSON.parse(\\"{\\\\\\"kind\\\\\\":\\\\\\"Document\\\\\\",\\\\\\"definitions\\\\\\":[{\\\\\\"kind\\\\\\":\\\\\\"FragmentDefinition\\\\\\",\\\\\\"name\\\\\\":{\\\\\\"kind\\\\\\":\\\\\\"Name\\\\\\",\\\\\\"value\\\\\\":\\\\\\"Frag_b\\\\\\"},\\\\\\"typeCondition\\\\\\":{\\\\\\"kind\\\\\\":\\\\\\"NamedType\\\\\\",\\\\\\"name\\\\\\":{\\\\\\"kind\\\\\\":\\\\\\"Name\\\\\\",\\\\\\"value\\\\\\":\\\\\\"OutputThing\\\\\\"}},\\\\\\"directives\\\\\\":[],\\\\\\"selectionSet\\\\\\":{\\\\\\"kind\\\\\\":\\\\\\"SelectionSet\\\\\\",\\\\\\"selections\\\\\\":[{\\\\\\"kind\\\\\\":\\\\\\"Field\\\\\\",\\\\\\"name\\\\\\":{\\\\\\"kind\\\\\\":\\\\\\"Name\\\\\\",\\\\\\"value\\\\\\":\\\\\\"arr\\\\\\"},\\\\\\"arguments\\\\\\":[],\\\\\\"directives\\\\\\":[],\\\\\\"selectionSet\\\\\\":{\\\\\\"kind\\\\\\":\\\\\\"SelectionSet\\\\\\",\\\\\\"selections\\\\\\":[{\\\\\\"kind\\\\\\":\\\\\\"Field\\\\\\",\\\\\\"name\\\\\\":{\\\\\\"kind\\\\\\":\\\\\\"Name\\\\\\",\\\\\\"value\\\\\\":\\\\\\"id\\\\\\"},\\\\\\"arguments\\\\\\":[],\\\\\\"directives\\\\\\":[]}]}}]}}]}\\")
",
      "filename": "__generated__/ts-gql/Frag_b.ts",
      "type": "output",
    },
    Object {
      "content": "// ts-gql-integrity:74478a127a526aade23f9643cf619fc5
/*
ts-gql-meta-begin
{
  \\"hash\\": \\"8f667885f3ad5a2ce4b9e70bc8d545bc\\"
}
ts-gql-meta-end
*/

import * as SchemaTypes from \\"./@schema\\";
import { TypedDocumentNode } from \\"@ts-gql/tag\\";

type ThingQueryVariables = SchemaTypes.Exact<{ [key: string]: never; }>;


type ThingQuery = { readonly __typename: 'Query', readonly someObj: { readonly __typename: 'OutputThing', readonly arr: ReadonlyArray<{ readonly __typename: 'OutputThing', readonly other: string, readonly id: string }> } };


      
export type type = TypedDocumentNode<{
  type: \\"query\\";
  result: ThingQuery;
  variables: ThingQueryVariables;
  documents: SchemaTypes.TSGQLDocuments;
  fragments: SchemaTypes.TSGQLRequiredFragments<{\\"Frag_a\\":true,\\"Frag_b\\":true}>
}>

declare module \\"./@schema\\" {
  interface TSGQLDocuments {
    Thing: type;
  }
}

export const document = JSON.parse(\\"{\\\\\\"kind\\\\\\":\\\\\\"Document\\\\\\",\\\\\\"definitions\\\\\\":[{\\\\\\"kind\\\\\\":\\\\\\"OperationDefinition\\\\\\",\\\\\\"operation\\\\\\":\\\\\\"query\\\\\\",\\\\\\"name\\\\\\":{\\\\\\"kind\\\\\\":\\\\\\"Name\\\\\\",\\\\\\"value\\\\\\":\\\\\\"Thing\\\\\\"},\\\\\\"variableDefinitions\\\\\\":[],\\\\\\"directives\\\\\\":[],\\\\\\"selectionSet\\\\\\":{\\\\\\"kind\\\\\\":\\\\\\"SelectionSet\\\\\\",\\\\\\"selections\\\\\\":[{\\\\\\"kind\\\\\\":\\\\\\"Field\\\\\\",\\\\\\"name\\\\\\":{\\\\\\"kind\\\\\\":\\\\\\"Name\\\\\\",\\\\\\"value\\\\\\":\\\\\\"someObj\\\\\\"},\\\\\\"arguments\\\\\\":[],\\\\\\"directives\\\\\\":[],\\\\\\"selectionSet\\\\\\":{\\\\\\"kind\\\\\\":\\\\\\"SelectionSet\\\\\\",\\\\\\"selections\\\\\\":[{\\\\\\"kind\\\\\\":\\\\\\"Field\\\\\\",\\\\\\"name\\\\\\":{\\\\\\"kind\\\\\\":\\\\\\"Name\\\\\\",\\\\\\"value\\\\\\":\\\\\\"arr\\\\\\"},\\\\\\"arguments\\\\\\":[],\\\\\\"directives\\\\\\":[],\\\\\\"selectionSet\\\\\\":{\\\\\\"kind\\\\\\":\\\\\\"SelectionSet\\\\\\",\\\\\\"selections\\\\\\":[{\\\\\\"kind\\\\\\":\\\\\\"FragmentSpread\\\\\\",\\\\\\"name\\\\\\":{\\\\\\"kind\\\\\\":\\\\\\"Name\\\\\\",\\\\\\"value\\\\\\":\\\\\\"Frag_a\\\\\\"},\\\\\\"directives\\\\\\":[]}]}},{\\\\\\"kind\\\\\\":\\\\\\"FragmentSpread\\\\\\",\\\\\\"name\\\\\\":{\\\\\\"kind\\\\\\":\\\\\\"Name\\\\\\",\\\\\\"value\\\\\\":\\\\\\"Frag_b\\\\\\"},\\\\\\"directives\\\\\\":[]}]}}]}},{\\\\\\"kind\\\\\\":\\\\\\"FragmentDefinition\\\\\\",\\\\\\"name\\\\\\":{\\\\\\"kind\\\\\\":\\\\\\"Name\\\\\\",\\\\\\"value\\\\\\":\\\\\\"Frag_a\\\\\\"},\\\\\\"typeCondition\\\\\\":{\\\\\\"kind\\\\\\":\\\\\\"NamedType\\\\\\",\\\\\\"name\\\\\\":{\\\\\\"kind\\\\\\":\\\\\\"Name\\\\\\",\\\\\\"value\\\\\\":\\\\\\"OutputThing\\\\\\"}},\\\\\\"directives\\\\\\":[],\\\\\\"selectionSet\\\\\\":{\\\\\\"kind\\\\\\":\\\\\\"SelectionSet\\\\\\",\\\\\\"selections\\\\\\":[{\\\\\\"kind\\\\\\":\\\\\\"Field\\\\\\",\\\\\\"name\\\\\\":{\\\\\\"kind\\\\\\":\\\\\\"Name\\\\\\",\\\\\\"value\\\\\\":\\\\\\"other\\\\\\"},\\\\\\"arguments\\\\\\":[],\\\\\\"directives\\\\\\":[]}]}},{\\\\\\"kind\\\\\\":\\\\\\"FragmentDefinition\\\\\\",\\\\\\"name\\\\\\":{\\\\\\"kind\\\\\\":\\\\\\"Name\\\\\\",\\\\\\"value\\\\\\":\\\\\\"Frag_b\\\\\\"},\\\\\\"typeCondition\\\\\\":{\\\\\\"kind\\\\\\":\\\\\\"NamedType\\\\\\",\\\\\\"name\\\\\\":{\\\\\\"kind\\\\\\":\\\\\\"Name\\\\\\",\\\\\\"value\\\\\\":\\\\\\"OutputThing\\\\\\"}},\\\\\\"directives\\\\\\":[],\\\\\\"selectionSet\\\\\\":{\\\\\\"kind\\\\\\":\\\\\\"SelectionSet\\\\\\",\\\\\\"selections\\\\\\":[{\\\\\\"kind\\\\\\":\\\\\\"Field\\\\\\",\\\\\\"name\\\\\\":{\\\\\\"kind\\\\\\":\\\\\\"Name\\\\\\",\\\\\\"value\\\\\\":\\\\\\"arr\\\\\\"},\\\\\\"arguments\\\\\\":[],\\\\\\"directives\\\\\\":[],\\\\\\"selectionSet\\\\\\":{\\\\\\"kind\\\\\\":\\\\\\"SelectionSet\\\\\\",\\\\\\"selections\\\\\\":[{\\\\\\"kind\\\\\\":\\\\\\"Field\\\\\\",\\\\\\"name\\\\\\":{\\\\\\"kind\\\\\\":\\\\\\"Name\\\\\\",\\\\\\"value\\\\\\":\\\\\\"id\\\\\\"},\\\\\\"arguments\\\\\\":[],\\\\\\"directives\\\\\\":[]}]}}]}}]}\\")
",
      "filename": "__generated__/ts-gql/Thing.ts",
      "type": "output",
    },
  ],
}
`;

exports[`with directory that ends with .ts 1`] = `
Object {
  "errors": Array [],
  "fsOperations": Array [
    Object {
      "content": "// ts-gql-integrity:0cce47ed1c1989a4cf171de542312e50
/*
ts-gql-meta-begin
{
  \\"hash\\": \\"6e965cbf500a3377a14ef53b73fb4cc2\\"
}
ts-gql-meta-end
*/

import * as SchemaTypes from \\"./@schema\\";
import { TypedDocumentNode } from \\"@ts-gql/tag\\";

type ThingQueryVariables = SchemaTypes.Exact<{ [key: string]: never; }>;


type ThingQuery = { readonly __typename: 'Query', readonly hello: string };


      
export type type = TypedDocumentNode<{
  type: \\"query\\";
  result: ThingQuery;
  variables: ThingQueryVariables;
  documents: SchemaTypes.TSGQLDocuments;
  fragments: SchemaTypes.TSGQLRequiredFragments<\\"none\\">
}>

declare module \\"./@schema\\" {
  interface TSGQLDocuments {
    Thing: type;
  }
}

export const document = JSON.parse(\\"{\\\\\\"kind\\\\\\":\\\\\\"Document\\\\\\",\\\\\\"definitions\\\\\\":[{\\\\\\"kind\\\\\\":\\\\\\"OperationDefinition\\\\\\",\\\\\\"operation\\\\\\":\\\\\\"query\\\\\\",\\\\\\"name\\\\\\":{\\\\\\"kind\\\\\\":\\\\\\"Name\\\\\\",\\\\\\"value\\\\\\":\\\\\\"Thing\\\\\\"},\\\\\\"variableDefinitions\\\\\\":[],\\\\\\"directives\\\\\\":[],\\\\\\"selectionSet\\\\\\":{\\\\\\"kind\\\\\\":\\\\\\"SelectionSet\\\\\\",\\\\\\"selections\\\\\\":[{\\\\\\"kind\\\\\\":\\\\\\"Field\\\\\\",\\\\\\"name\\\\\\":{\\\\\\"kind\\\\\\":\\\\\\"Name\\\\\\",\\\\\\"value\\\\\\":\\\\\\"hello\\\\\\"},\\\\\\"arguments\\\\\\":[],\\\\\\"directives\\\\\\":[]}]}}]}\\")
",
      "filename": "__generated__/ts-gql/Thing.ts",
      "type": "output",
    },
  ],
}
`;
